// Jest Snapshot v1, https://goo.gl/fbAQLP

exports[`Button should exist 1`] = `
<Button
  onClick={[Function]}
>
  testButton
</Button>
`;
