// Jest Snapshot v1, https://goo.gl/fbAQLP

exports[`Button should exist 1`] = `
<withHandlers(branch(branch(ButtonLayout)))
  onClick={[Function]}
/>
`;
